// Jest Snapshot v1, https://goo.gl/fbAQLP

exports[`renders correctly 1`] = `
<div>
  <i
    className="fa-li fa fa-spinner fa-spin"
  />
  <h1>
    Loading ...
  </h1>
</div>
`;
