// Jest Snapshot v1, https://goo.gl/fbAQLP

exports[`tests for components Snapshot test for Header 1`] = `
Object {
  "asFragment": [Function],
  "baseElement": <body>
    <div>
      <div
        class="header"
      >
        <a
          aria-current="page"
          class="back active"
          href="/"
        >
           
          <i
            aria-hidden="true"
            class="fa fa-arrow-left"
          />
        </a>
        <h1
          class="apptitle"
        >
           World Population 
        </h1>
        <i
          aria-hidden="true"
          class="fa fa-microphone"
        />
        <i
          aria-hidden="true"
          class="fa fa-cog"
        />
      </div>
    </div>
  </body>,
  "container": <div>
    <div
      class="header"
    >
      <a
        aria-current="page"
        class="back active"
        href="/"
      >
         
        <i
          aria-hidden="true"
          class="fa fa-arrow-left"
        />
      </a>
      <h1
        class="apptitle"
      >
         World Population 
      </h1>
      <i
        aria-hidden="true"
        class="fa fa-microphone"
      />
      <i
        aria-hidden="true"
        class="fa fa-cog"
      />
    </div>
  </div>,
  "debug": [Function],
  "findAllByAltText": [Function],
  "findAllByDisplayValue": [Function],
  "findAllByLabelText": [Function],
  "findAllByPlaceholderText": [Function],
  "findAllByRole": [Function],
  "findAllByTestId": [Function],
  "findAllByText": [Function],
  "findAllByTitle": [Function],
  "findByAltText": [Function],
  "findByDisplayValue": [Function],
  "findByLabelText": [Function],
  "findByPlaceholderText": [Function],
  "findByRole": [Function],
  "findByTestId": [Function],
  "findByText": [Function],
  "findByTitle": [Function],
  "getAllByAltText": [Function],
  "getAllByDisplayValue": [Function],
  "getAllByLabelText": [Function],
  "getAllByPlaceholderText": [Function],
  "getAllByRole": [Function],
  "getAllByTestId": [Function],
  "getAllByText": [Function],
  "getAllByTitle": [Function],
  "getByAltText": [Function],
  "getByDisplayValue": [Function],
  "getByLabelText": [Function],
  "getByPlaceholderText": [Function],
  "getByRole": [Function],
  "getByTestId": [Function],
  "getByText": [Function],
  "getByTitle": [Function],
  "queryAllByAltText": [Function],
  "queryAllByDisplayValue": [Function],
  "queryAllByLabelText": [Function],
  "queryAllByPlaceholderText": [Function],
  "queryAllByRole": [Function],
  "queryAllByTestId": [Function],
  "queryAllByText": [Function],
  "queryAllByTitle": [Function],
  "queryByAltText": [Function],
  "queryByDisplayValue": [Function],
  "queryByLabelText": [Function],
  "queryByPlaceholderText": [Function],
  "queryByRole": [Function],
  "queryByTestId": [Function],
  "queryByText": [Function],
  "queryByTitle": [Function],
  "rerender": [Function],
  "unmount": [Function],
}
`;
